// Jest Snapshot v1, https://goo.gl/fbAQLP

exports[`Renders display correctly 1`] = `
<DocumentFragment>
  <div
    class="display panel"
  >
    <div
      class="led green-led"
    >
      Unlocked
    </div>
    <div
      class="led green-led"
    >
      Open
    </div>
  </div>
  <div
    class="controls panel"
  >
    <button
      class="toggle-btn"
      data-testid="locking-feature"
      disabled=""
    >
      Lock Gate
    </button>
    <button
      class="toggle-btn"
      data-testid="gate-feature"
    >
      Close Gate
    </button>
  </div>
</DocumentFragment>
`;
